Tree:
1
 \
  3
 / \
2   5
   / \
  4   7
     / \
    6   9
       / \
      8  10

#nodes = 10,  #leaves = 5
Infix  : 1 2 3 4 5 6 7 8 9 10 
Prefix : 1 3 2 5 4 7 6 9 8 10 
Postfix: 2 4 6 8 10 9 7 5 3 1 
ByLevel: 1 3 2 5 4 7 6 9 8 10 
